
c turning on binary mode checking

c parsing input formula with 6975 variables and 14285 clauses

c WARNING: deleted clause on proof line 397491 does not occur: [0] -832 1307 0

c WARNING: deleted clause on proof line 397492 does not occur: [0] -989 1464 0

c WARNING: deleted clause on proof line 397493 does not occur: [0] -1146 1621 0

c WARNING: deleted clause on proof line 397494 does not occur: [0] -1303 1778 0

c WARNING: deleted clause on proof line 397495 does not occur: [0] -1460 1935 0

c WARNING: deleted clause on proof line 397496 does not occur: [0] -100 5523 0

c WARNING: deleted clause on proof line 397497 does not occur: [0] -51 5847 0

c WARNING: deleted clause on proof line 397498 does not occur: [0] -6501 -47 0

c WARNING: deleted clause on proof line 397499 does not occur: [0] -143 5919 0

c WARNING: deleted clause on proof line 397500 does not occur: [0] -170 6119 0

c WARNING: deleted clause on proof line 397501 does not occur: [0] -137 5847 0

c WARNING: deleted clause on proof line 397502 does not occur: [0] -138 5847 0

c WARNING: deleted clause on proof line 397503 does not occur: [0] -1 6155 0

c WARNING: deleted clause on proof line 397504 does not occur: [0] -95 5487 0

c WARNING: deleted clause on proof line 397505 does not occur: [0] -167 6119 0

c WARNING: deleted clause on proof line 397506 does not occur: [0] -19 5587 0

c WARNING: deleted clause on proof line 397507 does not occur: [0] -6835 -345 0

c WARNING: deleted clause on proof line 397508 does not occur: [0] -266 6209 0

c WARNING: deleted clause on proof line 397509 does not occur: [0] -6103 345 0

c WARNING: wrong binary prefix, stop reading proof

c finished parsing, read 15474278 bytes from proof file

c detected empty clause; start verification via backward checking

c 12982 of 14285 clauses in core                            

c 100577 of 197526 lemmas in core using 12751754 resolution steps

c 0 RAT lemmas in core; 57131 redundant literals in core lemmas

s VERIFIED

c verification time: 19.301 seconds
