PASS SHA-256 manifest: 232 files
PASS generated 89 boundary CNFs and 11 fort CNFs
PASS byte comparison: all 100 regenerated CNFs match the archive
PASS semantic: 89 boundary CNFs, 11 fort CNFs, 33396 nonempty forts
PASS forcing: 22 complete witnesses; uniform construction n=11..108
PASS deletion: 86112 offset checks and 21844 exhaustive layer assignments
PASS built bundled DRAT-trim source
PASS DRAT 001/100 boundary-20 (13.329 s)
PASS DRAT 002/100 boundary-21 (3.947 s)
PASS DRAT 003/100 boundary-22 (10.033 s)
PASS DRAT 004/100 boundary-23 (13.814 s)
PASS DRAT 005/100 boundary-24 (38.208 s)
PASS DRAT 006/100 boundary-25 (16.694 s)
PASS DRAT 007/100 boundary-26 (6.996 s)
PASS DRAT 008/100 boundary-27 (13.116 s)
PASS DRAT 009/100 boundary-28 (16.674 s)
PASS DRAT 010/100 boundary-29 (26.506 s)
PASS DRAT 011/100 boundary-30 (43.268 s)
PASS DRAT 012/100 boundary-31 (22.043 s)
PASS DRAT 013/100 boundary-32 (1.973 s)
PASS DRAT 014/100 boundary-33 (1.668 s)
PASS DRAT 015/100 boundary-34 (4.086 s)
PASS DRAT 016/100 boundary-35 (5.820 s)
PASS DRAT 017/100 boundary-36 (5.482 s)
PASS DRAT 018/100 boundary-37 (1.843 s)
PASS DRAT 019/100 boundary-38 (1.819 s)
PASS DRAT 020/100 boundary-39 (1.834 s)
PASS DRAT 021/100 boundary-40 (1.967 s)
PASS DRAT 022/100 boundary-41 (1.937 s)
PASS DRAT 023/100 boundary-42 (37.084 s)
PASS DRAT 024/100 boundary-43 (2.886 s)
PASS DRAT 025/100 boundary-44 (8.595 s)
PASS DRAT 026/100 boundary-45 (10.827 s)
PASS DRAT 027/100 boundary-46 (4.196 s)
PASS DRAT 028/100 boundary-47 (2.071 s)
PASS DRAT 029/100 boundary-48 (3.794 s)
PASS DRAT 030/100 boundary-49 (4.827 s)
PASS DRAT 031/100 boundary-50 (10.783 s)
PASS DRAT 032/100 boundary-51 (6.431 s)
PASS DRAT 033/100 boundary-52 (3.321 s)
PASS DRAT 034/100 boundary-53 (2.598 s)
PASS DRAT 035/100 boundary-54 (4.276 s)
PASS DRAT 036/100 boundary-55 (10.132 s)
PASS DRAT 037/100 boundary-56 (4.648 s)
PASS DRAT 038/100 boundary-57 (4.190 s)
PASS DRAT 039/100 boundary-58 (5.337 s)
PASS DRAT 040/100 boundary-59 (6.092 s)
PASS DRAT 041/100 boundary-60 (3.943 s)
PASS DRAT 042/100 boundary-61 (3.129 s)
PASS DRAT 043/100 boundary-62 (3.273 s)
PASS DRAT 044/100 boundary-63 (3.846 s)
PASS DRAT 045/100 boundary-64 (3.782 s)
PASS DRAT 046/100 boundary-65 (8.147 s)
PASS DRAT 047/100 boundary-66 (9.976 s)
PASS DRAT 048/100 boundary-67 (5.508 s)
PASS DRAT 049/100 boundary-68 (4.569 s)
PASS DRAT 050/100 boundary-69 (3.586 s)
PASS DRAT 051/100 boundary-70 (4.182 s)
PASS DRAT 052/100 boundary-71 (26.967 s)
PASS DRAT 053/100 boundary-72 (13.512 s)
PASS DRAT 054/100 boundary-73 (22.201 s)
PASS DRAT 055/100 boundary-74 (16.747 s)
PASS DRAT 056/100 boundary-75 (28.233 s)
PASS DRAT 057/100 boundary-76 (9.145 s)
PASS DRAT 058/100 boundary-77 (5.016 s)
PASS DRAT 059/100 boundary-78 (9.598 s)
PASS DRAT 060/100 boundary-79 (7.984 s)
PASS DRAT 061/100 boundary-80 (9.768 s)
PASS DRAT 062/100 boundary-81 (7.301 s)
PASS DRAT 063/100 boundary-82 (12.382 s)
PASS DRAT 064/100 boundary-83 (7.738 s)
PASS DRAT 065/100 boundary-84 (14.893 s)
PASS DRAT 066/100 boundary-85 (6.435 s)
PASS DRAT 067/100 boundary-86 (8.527 s)
PASS DRAT 068/100 boundary-87 (17.481 s)
PASS DRAT 069/100 boundary-88 (19.667 s)
PASS DRAT 070/100 boundary-89 (21.662 s)
PASS DRAT 071/100 boundary-90 (13.371 s)
PASS DRAT 072/100 boundary-91 (6.764 s)
PASS DRAT 073/100 boundary-92 (6.305 s)
PASS DRAT 074/100 boundary-93 (6.363 s)
PASS DRAT 075/100 boundary-94 (6.708 s)
PASS DRAT 076/100 boundary-95 (8.007 s)
PASS DRAT 077/100 boundary-96 (7.962 s)
PASS DRAT 078/100 boundary-97 (7.159 s)
PASS DRAT 079/100 boundary-98 (7.529 s)
PASS DRAT 080/100 boundary-99 (7.726 s)
PASS DRAT 081/100 boundary-100 (6.770 s)
PASS DRAT 082/100 boundary-101 (7.245 s)
PASS DRAT 083/100 boundary-102 (8.455 s)
PASS DRAT 084/100 boundary-103 (51.264 s)
PASS DRAT 085/100 boundary-104 (19.530 s)
PASS DRAT 086/100 boundary-105 (8.742 s)
PASS DRAT 087/100 boundary-106 (10.839 s)
PASS DRAT 088/100 boundary-107 (24.484 s)
PASS DRAT 089/100 boundary-108 (16.196 s)
PASS DRAT 090/100 fort-9 (0.288 s)
PASS DRAT 091/100 fort-10 (5.647 s)
PASS DRAT 092/100 fort-11 (0.879 s)
PASS DRAT 093/100 fort-12 (0.038 s)
PASS DRAT 094/100 fort-13 (0.103 s)
PASS DRAT 095/100 fort-14 (0.283 s)
PASS DRAT 096/100 fort-15 (0.462 s)
PASS DRAT 097/100 fort-16 (0.670 s)
PASS DRAT 098/100 fort-17 (1.408 s)
PASS DRAT 099/100 fort-18 (8.834 s)
PASS DRAT 100/100 fort-19 (45.305 s)
PASS ALL: 89 boundary + 11 fort certificates, all semantics and forcing; elapsed 1174.499 s
